// Jest Snapshot v1, https://goo.gl/fbAQLP

exports[`test render expense list with data 1`] = `
<div>
  <ExpenseListItem
    amount={195}
    createdAt={0}
    description="Gum"
    id="1"
    key="1"
    note=""
  />
  <ExpenseListItem
    amount={18934}
    createdAt={-345600000}
    description="Rent"
    id="2"
    key="2"
    note=""
  />
  <ExpenseListItem
    amount={9800}
    createdAt={345600000}
    description="Debit card"
    id="3"
    key="3"
    note=""
  />
</div>
`;

exports[`test render expense list with no data 1`] = `
<div>
  <p>
    no expenses
  </p>
</div>
`;
